[
  {
    "tool_id": "Monday.com",
    "prompt_path": "PATH"
  }
]
